{smcl}
{com}{sf}{ul off}{txt}{.-}
      name:  {res}<unnamed>
       {txt}log:  {res}/storage/work/f/fxl146/Pyramids/IDA_summarystat_01p.smcl
  {txt}log type:  {res}smcl
 {txt}opened on:  {res} 9 Feb 2022, 00:06:43
{txt}
{com}. 
. 
. * identifiers
. // i : individual (a hh_id-mem-id)
. // t : period (a month slot in the base dataset)
. // s : state i lives in 
. // d : district i lives in 
. // hr: homogenous region i lives in 
. 
. * caveat
. // Aspirational India and consumption data have not incorporated in. They are at the household levels. 
. 
. // note that people of india has every possible month because some households are asked in different month in a wave.
. 
. 
. ********************************************************************************
. *********** Sample selection **** 
. ********************************************************************************
. 
. 
. * Sample from people of India (see clean_trim_merge_append.do)
. clear
{txt}
{com}. cd "/storage/home/fxl146/scratch/Pyramids_statafiles"
{res}/gpfs/scratch/fxl146/Pyramids_statafiles
{txt}
{com}. use concise_1419_labor_1p,replace
{txt}
{com}. 
. * Drop the obs of two ambigous states, AP and Jharkhand&
. drop if state == "Andhra Pradesh" | state == "Jharkhand"  // around 6%
{txt}(19,650 observations deleted)

{com}. 
. * disaggregation level (income is at id-monthslot-month level)
. duplicates report id month_slot month

{p 0 4}{txt}Duplicates in terms of {res} id month_slot month{p_end}

{txt}{hline 10}{c TT}{hline 27}
   copies {c |} observations       surplus
{hline 10}{c +}{hline 27}
        1 {c |}       {res}304373             0
{txt}{hline 10}{c BT}{hline 27}

{com}. 
. * reformat dates
. gen date=date(month_slot, "MY")
{txt}
{com}. format date %d
{txt}
{com}. gen date_m = month(date)
{txt}
{com}. gen date_y = year(date)
{txt}
{com}. tostring date_m date_y, replace
{txt}date_m was {res:float} now {res:str2}
date_y was {res:float} now {res:str4}

{com}. replace date_m = "0"+date_m if strlen(date_m)==1
{txt}(228,056 real changes made)

{com}. gen date_str = date_y + date_m
{txt}
{com}. 
. destring date_m date_y,replace
{txt}date_m: all characters numeric; {res}replaced {txt}as {res}byte
{txt}date_y: all characters numeric; {res}replaced {txt}as {res}int
{txt}
{com}. rename month month_of_income_data
{res}{txt}
{com}. 
. * Drop extra dates
. drop if date_y>2019
{txt}(10,348 observations deleted)

{com}. 
. * Now, use the mean income to match people of india time label
. rename income_of_member_from_* inc_*
{res}{txt}
{com}. foreach var in inc_all_source inc_wages inc_pension inc_dividend inc_interest inc_fd_pf_insu{c -(}
{txt}  2{com}.         bysort id date: egen mean_`var' = mean(`var')
{txt}  3{com}. {c )-}
{txt}(17,408 missing values generated)
(17,408 missing values generated)
(17,408 missing values generated)
(164,107 missing values generated)

{com}. duplicates report id date

{p 0 4}{txt}Duplicates in terms of {res} id date{p_end}

{txt}{hline 10}{c TT}{hline 27}
   copies {c |} observations       surplus
{hline 10}{c +}{hline 27}
        1 {c |}       {res}285541             0
        {txt}2 {c |}         {res}8388          4194
        {txt}3 {c |}           {res}96            64
{txt}{hline 10}{c BT}{hline 27}

{com}. bysort id (date_y date_m): keep if _n==1
{txt}(59,857 observations deleted)

{com}. 
. 
. * Drop students, and retired observation
. **** CAVEAT: this needs more careful treatment in the future because status of student, homemaker and retired observation is a dynamic ones.
. **** in this version, I drop ever-students and ever-retired
. gen temp_student = 1 if nature_of_occupation=="Student"
{txt}(192,588 missing values generated)

{com}. bysort id (date_y date_m): egen temp_ever_student = sum(temp_student)
{txt}
{com}. gen temp_retired = 1 if nature_of_occupation=="Retired/Aged"
{txt}(219,734 missing values generated)

{com}. bysort id (date_y date_m): egen temp_ever_retired = sum(temp_retired)
{txt}
{com}. drop if temp_ever_retired>0 | temp_ever_student>0
{txt}(56,014 observations deleted)

{com}. drop temp_ever_retired temp_ever_student temp_student temp_retired
{txt}
{com}. // I don't drop home maker
. 
. * regenerate some id
. egen id_date = group(date_str)
{txt}
{com}. egen id_state = group(state)
{txt}
{com}. 
. * organize data
. sort id hh_id mem_id date_y date_m month_of_income
{txt}
{com}. order id hh_id mem_id date_y date_m month_of_income
{txt}
{com}. 
. 
. ********************************************************************************
. ***********  Variable construction
. ********************************************************************************
. 
. 
. * first observation of an individual
. bysort id (id_date): gen period = _n
{txt}
{com}. 
. * rename nature and industry
. 
. // occupation
. rename nature_of_occupation nature
{res}{txt}
{com}. qui tab nature, generate(nature_)
{txt}
{com}. rename nature_2 nature_business
{res}{txt}
{com}. rename nature_5 nature_industrialw
{res}{txt}
{com}. rename nature_10 nature_qualified
{res}{txt}
{com}. rename nature_12 nature_self
{res}{txt}
{com}. rename nature_14 nature_small
{res}{txt}
{com}. rename nature_17 nature_unoccupied
{res}{txt}
{com}. rename nature_18 nature_wage
{res}{txt}
{com}. 
. // industry
. rename industry_of_occupation inds
{res}{txt}
{com}. qui tab inds, generate(inds)
{txt}
{com}. 
. // not applicable
. rename inds25 inds_notapplicable
{res}{txt}
{com}. 
. ///////// check missing !! do this later!!!!
> 
. // factories
. rename inds2 inds_auto
{res}{txt}
{com}. rename inds3 inds_construction
{res}{txt}
{com}. rename inds4 inds_chemical
{res}{txt}
{com}. rename inds12 inds_foodinds
{res}{txt}
{com}. rename inds13 inds_leather
{res}{txt}
{com}. rename inds21 inds_machinery
{res}{txt}
{com}. rename inds28 inds_pharma
{res}{txt}
{com}. rename inds34 inds_soap
{res}{txt}
{com}. rename inds35 inds_textile
{res}{txt}
{com}. local inds_factory_type inds_auto inds_construction inds_chemical inds_foodinds inds_leather inds_machinery inds_pharma inds_soap inds_textile
{txt}
{com}. egen temp_inds_all_factories = rowtotal(`inds_factory_type')
{txt}
{com}. gen inds_all_factories = 1 if temp_inds_all_factories>0 & inds_notapplicable~=1
{txt}(166,997 missing values generated)

{com}. replace inds_all_factories = 0 if temp_inds_all_factories==0 & inds_notapplicable~=1
{txt}(87,060 real changes made)

{com}. drop temp_inds_all_factories
{txt}
{com}. 
. // plantation
. rename inds1 inds_agriculture
{res}{txt}
{com}. rename inds6 inds_cropcultiv
{res}{txt}
{com}. rename inds11 inds_fishing
{res}{txt}
{com}. rename inds14 inds_forestry
{res}{txt}
{com}. rename inds15 inds_fruitveg
{res}{txt}
{com}. rename inds29 inds_plantationcrop
{res}{txt}
{com}. rename inds30 inds_poultry
{res}{txt}
{com}. local inds_plantation_type inds_agriculture  inds_cropcultiv inds_fishing inds_forestry inds_fruitveg inds_plantationcrop inds_poultry
{txt}
{com}. egen temp_inds_all_plantation = rowtotal(`inds_plantation_type')
{txt}
{com}. gen inds_all_plantation = 1 if temp_inds_all_plantation>0 & inds_notapplicable~=1
{txt}(161,075 missing values generated)

{com}. replace inds_all_plantation = 0 if temp_inds_all_plantation==0 & inds_notapplicable~=1
{txt}(81,138 real changes made)

{com}. drop temp_inds_all_plantation
{txt}
{com}. 
. // mining
. rename inds23 inds_metal
{res}{txt}
{com}. rename inds24 inds_mines
{res}{txt}
{com}. rename inds37 inds_utilities
{res}{txt}
{com}. local inds_mining_type inds_metal inds_mines inds_utilities
{txt}
{com}. egen temp_inds_all_mining = rowtotal(`inds_mining_type')
{txt}
{com}. gen inds_all_mining = 1 if temp_inds_all_mining>0 & inds_notapplicable~=1
{txt}(175,175 missing values generated)

{com}. replace inds_all_mining = 0 if temp_inds_all_mining==0 & inds_notapplicable~=1
{txt}(95,238 real changes made)

{com}. drop temp_inds_all_mining
{txt}
{com}. 
. // left out, to be used later
. rename inds# inds_#_dropped
{res}{txt}
{com}. drop *_dropped
{txt}
{com}. // rename inds5 inds_communication
. // rename inds7 inds_defence
. // rename inds8 inds_education
. // rename inds9 inds_entertainsport
. // rename inds10 inds_finance
. // rename inds16 inds_gemjewellery
. // rename inds17 inds_handicraft
. // rename inds18 inds_healthcare
. // rename inds19 inds_hotelresturant
. // rename inds20 inds_IT
. // rename inds22 inds_mediapublishing
. // rename inds26 inds_nonprofession
. // rename inds27 inds_professional
. // rename inds31 inds_publicadmin
. // rename inds32 inds_realestate
. // rename inds33 inds_retail
. // rename inds36 inds_traveltourism
. // rename inds38 inds_wholesale
. 
. // relevant industry for the study
. gen inds_relevant = (inds_all_mining+inds_all_plantation+inds_all_factories)>0 if inds_notapplicable~=1
{txt}(79,937 missing values generated)

{com}. gen inds_notrelevant = 1 - inds_relevant
{txt}(79,937 missing values generated)

{com}. 
. * Treatment status: treated if for i, IDA is informed in s(i) in t 
. * CAVEAT: STATE OF ORIGIN IS NOT THE STATUS WE WANT
. gen reformed = 0
{txt}
{com}. replace reformed = 1 if state == "Maharashtra" & ((date_m >= 11 & date_y == 2017) | date_y>2017 )
{txt}(7,253 real changes made)

{com}. replace reformed = 1 if state == "Rajasthan" & ( (date_m >= 11 & date_y==2014) | date_y>2014  )
{txt}(10,036 real changes made)

{com}. replace reformed = 1 if state == "Madhya Pradesh" &  ( (date_m >=11 & date_y==2017) | date_y>2017 )
{txt}(3,461 real changes made)

{com}. replace reformed = 1 if state == "Haryana" & ( (date_m >=3 & date_y==2016) | date_y>2016 )
{txt}(3,531 real changes made)

{com}. replace reformed = 1 if state == "Gujarat" &  ( (date_m >=9 & date_y==2020) | date_y>2020 )
{txt}(0 real changes made)

{com}. replace reformed = 1 if state == "Assam" &  ( (date_m >=9 & date_y==2017) | date_y>2017 )
{txt}(497 real changes made)

{com}. 
. * Ever-treated status of individual, if changed multiple times -- reflecting migration
. bysort id : egen temp_ever_reformed = sum(reformed)
{txt}
{com}. gen reformed_ever = temp_ever_reformed>0
{txt}
{com}. drop temp_ever_reformed
{txt}
{com}. tab reformed_ever if period ==1 

{txt}reformed_ev {c |}
         er {c |}      Freq.     Percent        Cum.
{hline 12}{c +}{hline 35}
          0 {c |}{res}    153,376       86.09       86.09
{txt}          1 {c |}{res}     24,778       13.91      100.00
{txt}{hline 12}{c +}{hline 35}
      Total {c |}{res}    178,154      100.00
{txt}
{com}. 
. * Change treatment status more than once: e.g. 0,0,1,1,0,0, 1=treated
. bysort id (id_date): gen temp_last_reformed = reformed[_n-1]
{txt}(178,154 missing values generated)

{com}. gen temp_last_reformed_equal = reformed~=temp_last_reformed  if temp_last_reformed~=. // an one marks a change of reform status
{txt}(178,154 missing values generated)

{com}. replace temp_last_reformed_equal=0 if temp_last_reformed_equal==.
{txt}(178,154 real changes made)

{com}. bysort id  : egen temp_reformed_changetwice = sum(temp_last_reformed_equal)
{txt}
{com}. gen reformed_changetwice = 0 if temp_reformed_changetwice==0 | temp_reformed_changetwice==1
{txt}
{com}. replace reformed_changetwice = 1 if reformed_changetwice~=0
{txt}(0 real changes made)

{com}. 
. tab reformed_changetwice

{txt}reformed_ch {c |}
  angetwice {c |}      Freq.     Percent        Cum.
{hline 12}{c +}{hline 35}
          0 {c |}{res}    178,154      100.00      100.00
{txt}{hline 12}{c +}{hline 35}
      Total {c |}{res}    178,154      100.00
{txt}
{com}. 
. * Reformed cross early affected industry (mine, planation,factory)
. gen reformedxinds = reformed*inds_relevant
{txt}(79,937 missing values generated)

{com}. 
. ********************************************************************************
. *********** Summary stats: industry distribution and individual dynamics ******
. ********************************************************************************
. 
. 
. * industry distribution
. tab inds

                 {txt}INDUSTRY_OF_OCCUPATION {c |}      Freq.     Percent        Cum.
{hline 40}{c +}{hline 35}
         Agriculture- allied activities {c |}{res}        112        0.07        0.07
{txt}Automobiles and Other Transport Equip.. {c |}{res}        861        0.52        0.59
{txt}Cement, Tiles, Bricks, Ceramics, Glas.. {c |}{res}      1,910        1.16        1.75
{txt}                    Chemical Industries {c |}{res}        792        0.48        2.23
{txt}          Communication, Post & Courier {c |}{res}        588        0.36        2.59
{txt}                       Crop Cultivation {c |}{res}     14,835        9.01       11.60
{txt}                       Defence Services {c |}{res}        387        0.24       11.84
{txt}                              Education {c |}{res}      3,923        2.38       14.22
{txt}               Entertainment and Sports {c |}{res}        108        0.07       14.28
{txt}                     Financial Services {c |}{res}      2,019        1.23       15.51
{txt}                                Fishing {c |}{res}        172        0.10       15.61
{txt}                        Food Industries {c |}{res}      2,028        1.23       16.85
{txt}  Footwear and other Leather Industries {c |}{res}        479        0.29       17.14
{txt}        Forestry including Wood Cutting {c |}{res}         35        0.02       17.16
{txt}           Fruits and Vegetable Farming {c |}{res}      1,435        0.87       18.03
{txt}                       Gems & Jewellery {c |}{res}        452        0.27       18.30
{txt}                  Handicraft Industries {c |}{res}        186        0.11       18.42
{txt}                            Health Care {c |}{res}      1,172        0.71       19.13
{txt}                 Hotels and Restaurants {c |}{res}      1,106        0.67       19.80
{txt}                              IT & ITES {c |}{res}        743        0.45       20.25
{txt}                Machinery Manufacturers {c |}{res}      1,386        0.84       21.09
{txt}                   Media and Publishing {c |}{res}        224        0.14       21.23
{txt}                       Metal Industries {c |}{res}      1,910        1.16       22.39
{txt}                                  Mines {c |}{res}        423        0.26       22.65
{txt}                         Not Applicable {c |}{res}     79,937       48.55       71.20
{txt}     Personal Non-Professional Services {c |}{res}      5,459        3.32       74.52
{txt}         Personal Professional Services {c |}{res}        838        0.51       75.03
{txt}            Pharmaceutical Manufacturer {c |}{res}        326        0.20       75.22
{txt}            Plantation Crop Cultivation {c |}{res}         94        0.06       75.28
{txt}Poultry Farming, Animal Husbandry and.. {c |}{res}        396        0.24       75.52
{txt}         Public Administrative Services {c |}{res}      3,296        2.00       77.52
{txt}             Real Estate & Construction {c |}{res}     13,308        8.08       85.61
{txt}                           Retail Trade {c |}{res}     13,521        8.21       93.82
{txt}Soaps, Detergents, Cosmetics, Toiletr.. {c |}{res}        305        0.19       94.00
{txt}                     Textile Industries {c |}{res}      3,070        1.86       95.87
{txt}                     Travel and Tourism {c |}{res}      4,860        2.95       98.82
{txt}                              Utilities {c |}{res}        646        0.39       99.21
{txt}                        Wholesale Trade {c |}{res}      1,296        0.79      100.00
{txt}{hline 40}{c +}{hline 35}
                                  Total {c |}{res}    164,638      100.00
{txt}
{com}. tab inds_notapplicable

  {txt}inds==Not {c |}
 Applicable {c |}      Freq.     Percent        Cum.
{hline 12}{c +}{hline 35}
          0 {c |}{res}     84,701       51.45       51.45
{txt}          1 {c |}{res}     79,937       48.55      100.00
{txt}{hline 12}{c +}{hline 35}
      Total {c |}{res}    164,638      100.00
{txt}
{com}. tab inds_notrelevant

{txt}inds_notrel {c |}
      evant {c |}      Freq.     Percent        Cum.
{hline 12}{c +}{hline 35}
          0 {c |}{res}     31,215       31.78       31.78
{txt}          1 {c |}{res}     67,002       68.22      100.00
{txt}{hline 12}{c +}{hline 35}
      Total {c |}{res}     98,217      100.00
{txt}
{com}. tab inds_all_factories

{txt}inds_all_fa {c |}
    ctories {c |}      Freq.     Percent        Cum.
{hline 12}{c +}{hline 35}
          0 {c |}{res}     87,060       88.64       88.64
{txt}          1 {c |}{res}     11,157       11.36      100.00
{txt}{hline 12}{c +}{hline 35}
      Total {c |}{res}     98,217      100.00
{txt}
{com}. tab inds_all_mining

{txt}inds_all_mi {c |}
       ning {c |}      Freq.     Percent        Cum.
{hline 12}{c +}{hline 35}
          0 {c |}{res}     95,238       96.97       96.97
{txt}          1 {c |}{res}      2,979        3.03      100.00
{txt}{hline 12}{c +}{hline 35}
      Total {c |}{res}     98,217      100.00
{txt}
{com}. tab inds_all_plantation

{txt}inds_all_pl {c |}
   antation {c |}      Freq.     Percent        Cum.
{hline 12}{c +}{hline 35}
          0 {c |}{res}     81,138       82.61       82.61
{txt}          1 {c |}{res}     17,079       17.39      100.00
{txt}{hline 12}{c +}{hline 35}
      Total {c |}{res}     98,217      100.00
{txt}
{com}. 
. 
. ******** CAVEAT all of these are not weighted --- the actual representative distribution of India should be more scrutinized. 
. 
. 
. * What are the not applicable's occupation?
. // after deleting ever-students and ever-retired, 94% of the not applicable are homemaker
. tab nature if inds == "Not Applicable"

                   {txt}NATURE_OF_OCCUPATION {c |}      Freq.     Percent        Cum.
{hline 40}{c +}{hline 35}
                  Agricultural Labourer {c |}{res}        115        0.14        0.14
{txt}                            Businessman {c |}{res}        342        0.43        0.57
{txt}                             Home Maker {c |}{res}     75,263       94.15       94.72
{txt}                      Home-based Worker {c |}{res}         46        0.06       94.78
{txt}                     Industrial Workers {c |}{res}        215        0.27       95.05
{txt}                                Manager {c |}{res}         14        0.02       95.07
{txt}                       Organised Farmer {c |}{res}        113        0.14       95.21
{txt}             Self employed professional {c |}{res}        194        0.24       95.45
{txt}                           Small Farmer {c |}{res}        206        0.26       95.71
{txt}Small Trader/Hawker/ Businessman with.. {c |}{res}        136        0.17       95.88
{txt}                          Support Staff {c |}{res}        248        0.31       96.19
{txt}                             Unoccupied {c |}{res}      1,893        2.37       98.56
{txt}                          Wage Labourer {c |}{res}        813        1.02       99.58
{txt}                    White collar worker {c |}{res}        339        0.42      100.00
{txt}{hline 40}{c +}{hline 35}
                                  Total {c |}{res}     79,937      100.00
{txt}
{com}. 
. 
. * See the distribution of a cross section
. 
. 
. 
. * Summary statistics of the industry
. 
. 
. 
. * District level transition matrix (homogenous region is larger than district)
. 
. 
. 
. * Policy window district level transition matrix
. 
. 
. 
. * 
. codebook reformed

{txt}{hline}
{res}reformed{right:(unlabeled)}
{txt}{hline}

{col 19}type:  numeric ({res}float{txt})

{col 18}range:  [{res}0{txt},{res}1{txt}]{col 55}units:  {res}1
{col 10}{txt}unique values:  {res}2{col 51}{txt}missing .:  {res}0{txt}/{res}178,154

{txt}{col 13}tabulation:  Freq.  Value
{col 21}{res}   153,376{col 33}0
{col 21}    24,778{col 33}1
{txt}
{com}. tab reformed

   {txt}reformed {c |}      Freq.     Percent        Cum.
{hline 12}{c +}{hline 35}
          0 {c |}{res}    153,376       86.09       86.09
{txt}          1 {c |}{res}     24,778       13.91      100.00
{txt}{hline 12}{c +}{hline 35}
      Total {c |}{res}    178,154      100.00
{txt}
{com}. tab state reformed  // basically we want both before and after treatment status for a state

                 {txt}{c |}       reformed
           STATE {c |}         0          1 {c |}     Total
{hline 17}{c +}{hline 22}{c +}{hline 10}
           Assam {c |}{res}       975        497 {txt}{c |}{res}     1,472 
{txt}           Bihar {c |}{res}    10,543          0 {txt}{c |}{res}    10,543 
{txt}      Chandigarh {c |}{res}       452          0 {txt}{c |}{res}       452 
{txt}    Chhattisgarh {c |}{res}     5,449          0 {txt}{c |}{res}     5,449 
{txt}           Delhi {c |}{res}     1,821          0 {txt}{c |}{res}     1,821 
{txt}             Goa {c |}{res}     1,259          0 {txt}{c |}{res}     1,259 
{txt}         Gujarat {c |}{res}    11,218          0 {txt}{c |}{res}    11,218 
{txt}         Haryana {c |}{res}     2,352      3,531 {txt}{c |}{res}     5,883 
{txt}Himachal Pradesh {c |}{res}     1,372          0 {txt}{c |}{res}     1,372 
{txt} Jammu & Kashmir {c |}{res}     2,769          0 {txt}{c |}{res}     2,769 
{txt}       Karnataka {c |}{res}    10,583          0 {txt}{c |}{res}    10,583 
{txt}          Kerala {c |}{res}     4,368          0 {txt}{c |}{res}     4,368 
{txt}  Madhya Pradesh {c |}{res}     6,976      3,461 {txt}{c |}{res}    10,437 
{txt}     Maharashtra {c |}{res}    15,282      7,253 {txt}{c |}{res}    22,535 
{txt}       Meghalaya {c |}{res}       523          0 {txt}{c |}{res}       523 
{txt}          Odisha {c |}{res}     6,790          0 {txt}{c |}{res}     6,790 
{txt}      Puducherry {c |}{res}     1,243          0 {txt}{c |}{res}     1,243 
{txt}          Punjab {c |}{res}     7,092          0 {txt}{c |}{res}     7,092 
{txt}       Rajasthan {c |}{res}     1,787     10,036 {txt}{c |}{res}    11,823 
{txt}          Sikkim {c |}{res}       125          0 {txt}{c |}{res}       125 
{txt}      Tamil Nadu {c |}{res}    10,760          0 {txt}{c |}{res}    10,760 
{txt}       Telangana {c |}{res}     5,413          0 {txt}{c |}{res}     5,413 
{txt}         Tripura {c |}{res}       563          0 {txt}{c |}{res}       563 
{txt}   Uttar Pradesh {c |}{res}    28,693          0 {txt}{c |}{res}    28,693 
{txt}     Uttarakhand {c |}{res}     1,925          0 {txt}{c |}{res}     1,925 
{txt}     West Bengal {c |}{res}    13,043          0 {txt}{c |}{res}    13,043 
{txt}{hline 17}{c +}{hline 22}{c +}{hline 10}
           Total {c |}{res}   153,376     24,778 {txt}{c |}{res}   178,154 
{txt}
{com}. tab state reformed 

                 {txt}{c |}       reformed
           STATE {c |}         0          1 {c |}     Total
{hline 17}{c +}{hline 22}{c +}{hline 10}
           Assam {c |}{res}       975        497 {txt}{c |}{res}     1,472 
{txt}           Bihar {c |}{res}    10,543          0 {txt}{c |}{res}    10,543 
{txt}      Chandigarh {c |}{res}       452          0 {txt}{c |}{res}       452 
{txt}    Chhattisgarh {c |}{res}     5,449          0 {txt}{c |}{res}     5,449 
{txt}           Delhi {c |}{res}     1,821          0 {txt}{c |}{res}     1,821 
{txt}             Goa {c |}{res}     1,259          0 {txt}{c |}{res}     1,259 
{txt}         Gujarat {c |}{res}    11,218          0 {txt}{c |}{res}    11,218 
{txt}         Haryana {c |}{res}     2,352      3,531 {txt}{c |}{res}     5,883 
{txt}Himachal Pradesh {c |}{res}     1,372          0 {txt}{c |}{res}     1,372 
{txt} Jammu & Kashmir {c |}{res}     2,769          0 {txt}{c |}{res}     2,769 
{txt}       Karnataka {c |}{res}    10,583          0 {txt}{c |}{res}    10,583 
{txt}          Kerala {c |}{res}     4,368          0 {txt}{c |}{res}     4,368 
{txt}  Madhya Pradesh {c |}{res}     6,976      3,461 {txt}{c |}{res}    10,437 
{txt}     Maharashtra {c |}{res}    15,282      7,253 {txt}{c |}{res}    22,535 
{txt}       Meghalaya {c |}{res}       523          0 {txt}{c |}{res}       523 
{txt}          Odisha {c |}{res}     6,790          0 {txt}{c |}{res}     6,790 
{txt}      Puducherry {c |}{res}     1,243          0 {txt}{c |}{res}     1,243 
{txt}          Punjab {c |}{res}     7,092          0 {txt}{c |}{res}     7,092 
{txt}       Rajasthan {c |}{res}     1,787     10,036 {txt}{c |}{res}    11,823 
{txt}          Sikkim {c |}{res}       125          0 {txt}{c |}{res}       125 
{txt}      Tamil Nadu {c |}{res}    10,760          0 {txt}{c |}{res}    10,760 
{txt}       Telangana {c |}{res}     5,413          0 {txt}{c |}{res}     5,413 
{txt}         Tripura {c |}{res}       563          0 {txt}{c |}{res}       563 
{txt}   Uttar Pradesh {c |}{res}    28,693          0 {txt}{c |}{res}    28,693 
{txt}     Uttarakhand {c |}{res}     1,925          0 {txt}{c |}{res}     1,925 
{txt}     West Bengal {c |}{res}    13,043          0 {txt}{c |}{res}    13,043 
{txt}{hline 17}{c +}{hline 22}{c +}{hline 10}
           Total {c |}{res}   153,376     24,778 {txt}{c |}{res}   178,154 
{txt}
{com}. local list_states_treated Maharashtra Rajasthan "Madhya Pradesh" Haryana Gujarat Assam
{txt}
{com}. foreach var in `list_states_treated'{c -(}
{txt}  2{com}.         disp("Current State is `var'")
{txt}  3{com}. tab industry_of_occupation if state =="`var'"
{txt}  4{com}. {c )-}
Current State is Maharashtra
{err}variable {bf}industry_of_occupation{sf} not found
{txt}{search r(111), local:r(111);}

end of do-file

{search r(111), local:r(111);}

{com}. do "/tmp/SD26097.000000"
{txt}
{com}. codebook reformed

{txt}{hline}
{res}reformed{right:(unlabeled)}
{txt}{hline}

{col 19}type:  numeric ({res}float{txt})

{col 18}range:  [{res}0{txt},{res}1{txt}]{col 55}units:  {res}1
{col 10}{txt}unique values:  {res}2{col 51}{txt}missing .:  {res}0{txt}/{res}178,154

{txt}{col 13}tabulation:  Freq.  Value
{col 21}{res}   153,376{col 33}0
{col 21}    24,778{col 33}1
{txt}
{com}. tab reformed

   {txt}reformed {c |}      Freq.     Percent        Cum.
{hline 12}{c +}{hline 35}
          0 {c |}{res}    153,376       86.09       86.09
{txt}          1 {c |}{res}     24,778       13.91      100.00
{txt}{hline 12}{c +}{hline 35}
      Total {c |}{res}    178,154      100.00
{txt}
{com}. tab state reformed  // basically we want both before and after treatment status for a state

                 {txt}{c |}       reformed
           STATE {c |}         0          1 {c |}     Total
{hline 17}{c +}{hline 22}{c +}{hline 10}
           Assam {c |}{res}       975        497 {txt}{c |}{res}     1,472 
{txt}           Bihar {c |}{res}    10,543          0 {txt}{c |}{res}    10,543 
{txt}      Chandigarh {c |}{res}       452          0 {txt}{c |}{res}       452 
{txt}    Chhattisgarh {c |}{res}     5,449          0 {txt}{c |}{res}     5,449 
{txt}           Delhi {c |}{res}     1,821          0 {txt}{c |}{res}     1,821 
{txt}             Goa {c |}{res}     1,259          0 {txt}{c |}{res}     1,259 
{txt}         Gujarat {c |}{res}    11,218          0 {txt}{c |}{res}    11,218 
{txt}         Haryana {c |}{res}     2,352      3,531 {txt}{c |}{res}     5,883 
{txt}Himachal Pradesh {c |}{res}     1,372          0 {txt}{c |}{res}     1,372 
{txt} Jammu & Kashmir {c |}{res}     2,769          0 {txt}{c |}{res}     2,769 
{txt}       Karnataka {c |}{res}    10,583          0 {txt}{c |}{res}    10,583 
{txt}          Kerala {c |}{res}     4,368          0 {txt}{c |}{res}     4,368 
{txt}  Madhya Pradesh {c |}{res}     6,976      3,461 {txt}{c |}{res}    10,437 
{txt}     Maharashtra {c |}{res}    15,282      7,253 {txt}{c |}{res}    22,535 
{txt}       Meghalaya {c |}{res}       523          0 {txt}{c |}{res}       523 
{txt}          Odisha {c |}{res}     6,790          0 {txt}{c |}{res}     6,790 
{txt}      Puducherry {c |}{res}     1,243          0 {txt}{c |}{res}     1,243 
{txt}          Punjab {c |}{res}     7,092          0 {txt}{c |}{res}     7,092 
{txt}       Rajasthan {c |}{res}     1,787     10,036 {txt}{c |}{res}    11,823 
{txt}          Sikkim {c |}{res}       125          0 {txt}{c |}{res}       125 
{txt}      Tamil Nadu {c |}{res}    10,760          0 {txt}{c |}{res}    10,760 
{txt}       Telangana {c |}{res}     5,413          0 {txt}{c |}{res}     5,413 
{txt}         Tripura {c |}{res}       563          0 {txt}{c |}{res}       563 
{txt}   Uttar Pradesh {c |}{res}    28,693          0 {txt}{c |}{res}    28,693 
{txt}     Uttarakhand {c |}{res}     1,925          0 {txt}{c |}{res}     1,925 
{txt}     West Bengal {c |}{res}    13,043          0 {txt}{c |}{res}    13,043 
{txt}{hline 17}{c +}{hline 22}{c +}{hline 10}
           Total {c |}{res}   153,376     24,778 {txt}{c |}{res}   178,154 
{txt}
{com}. tab state reformed 

                 {txt}{c |}       reformed
           STATE {c |}         0          1 {c |}     Total
{hline 17}{c +}{hline 22}{c +}{hline 10}
           Assam {c |}{res}       975        497 {txt}{c |}{res}     1,472 
{txt}           Bihar {c |}{res}    10,543          0 {txt}{c |}{res}    10,543 
{txt}      Chandigarh {c |}{res}       452          0 {txt}{c |}{res}       452 
{txt}    Chhattisgarh {c |}{res}     5,449          0 {txt}{c |}{res}     5,449 
{txt}           Delhi {c |}{res}     1,821          0 {txt}{c |}{res}     1,821 
{txt}             Goa {c |}{res}     1,259          0 {txt}{c |}{res}     1,259 
{txt}         Gujarat {c |}{res}    11,218          0 {txt}{c |}{res}    11,218 
{txt}         Haryana {c |}{res}     2,352      3,531 {txt}{c |}{res}     5,883 
{txt}Himachal Pradesh {c |}{res}     1,372          0 {txt}{c |}{res}     1,372 
{txt} Jammu & Kashmir {c |}{res}     2,769          0 {txt}{c |}{res}     2,769 
{txt}       Karnataka {c |}{res}    10,583          0 {txt}{c |}{res}    10,583 
{txt}          Kerala {c |}{res}     4,368          0 {txt}{c |}{res}     4,368 
{txt}  Madhya Pradesh {c |}{res}     6,976      3,461 {txt}{c |}{res}    10,437 
{txt}     Maharashtra {c |}{res}    15,282      7,253 {txt}{c |}{res}    22,535 
{txt}       Meghalaya {c |}{res}       523          0 {txt}{c |}{res}       523 
{txt}          Odisha {c |}{res}     6,790          0 {txt}{c |}{res}     6,790 
{txt}      Puducherry {c |}{res}     1,243          0 {txt}{c |}{res}     1,243 
{txt}          Punjab {c |}{res}     7,092          0 {txt}{c |}{res}     7,092 
{txt}       Rajasthan {c |}{res}     1,787     10,036 {txt}{c |}{res}    11,823 
{txt}          Sikkim {c |}{res}       125          0 {txt}{c |}{res}       125 
{txt}      Tamil Nadu {c |}{res}    10,760          0 {txt}{c |}{res}    10,760 
{txt}       Telangana {c |}{res}     5,413          0 {txt}{c |}{res}     5,413 
{txt}         Tripura {c |}{res}       563          0 {txt}{c |}{res}       563 
{txt}   Uttar Pradesh {c |}{res}    28,693          0 {txt}{c |}{res}    28,693 
{txt}     Uttarakhand {c |}{res}     1,925          0 {txt}{c |}{res}     1,925 
{txt}     West Bengal {c |}{res}    13,043          0 {txt}{c |}{res}    13,043 
{txt}{hline 17}{c +}{hline 22}{c +}{hline 10}
           Total {c |}{res}   153,376     24,778 {txt}{c |}{res}   178,154 
{txt}
{com}. local list_states_treated Maharashtra Rajasthan "Madhya Pradesh" Haryana Gujarat Assam
{txt}
{com}. foreach var in `list_states_treated'{c -(}
{txt}  2{com}.         disp("Current State is `var'")
{txt}  3{com}. tab inds if state =="`var'"
{txt}  4{com}. {c )-}
Current State is Maharashtra

                 {txt}INDUSTRY_OF_OCCUPATION {c |}      Freq.     Percent        Cum.
{hline 40}{c +}{hline 35}
         Agriculture- allied activities {c |}{res}         18        0.09        0.09
{txt}Automobiles and Other Transport Equip.. {c |}{res}        172        0.82        0.90
{txt}Cement, Tiles, Bricks, Ceramics, Glas.. {c |}{res}         74        0.35        1.26
{txt}                    Chemical Industries {c |}{res}        180        0.86        2.11
{txt}          Communication, Post & Courier {c |}{res}         53        0.25        2.36
{txt}                       Crop Cultivation {c |}{res}      2,785       13.25       15.62
{txt}                       Defence Services {c |}{res}         20        0.10       15.71
{txt}                              Education {c |}{res}        410        1.95       17.66
{txt}               Entertainment and Sports {c |}{res}         16        0.08       17.74
{txt}                     Financial Services {c |}{res}        548        2.61       20.34
{txt}                                Fishing {c |}{res}         30        0.14       20.49
{txt}                        Food Industries {c |}{res}        161        0.77       21.25
{txt}  Footwear and other Leather Industries {c |}{res}         42        0.20       21.45
{txt}        Forestry including Wood Cutting {c |}{res}          3        0.01       21.47
{txt}           Fruits and Vegetable Farming {c |}{res}        344        1.64       23.10
{txt}                       Gems & Jewellery {c |}{res}         46        0.22       23.32
{txt}                  Handicraft Industries {c |}{res}          6        0.03       23.35
{txt}                            Health Care {c |}{res}        157        0.75       24.10
{txt}                 Hotels and Restaurants {c |}{res}        190        0.90       25.00
{txt}                              IT & ITES {c |}{res}        114        0.54       25.54
{txt}                Machinery Manufacturers {c |}{res}        283        1.35       26.89
{txt}                   Media and Publishing {c |}{res}         55        0.26       27.15
{txt}                       Metal Industries {c |}{res}        255        1.21       28.37
{txt}                                  Mines {c |}{res}         31        0.15       28.51
{txt}                         Not Applicable {c |}{res}      9,427       44.85       73.37
{txt}     Personal Non-Professional Services {c |}{res}        730        3.47       76.84
{txt}         Personal Professional Services {c |}{res}        103        0.49       77.33
{txt}            Pharmaceutical Manufacturer {c |}{res}         73        0.35       77.68
{txt}            Plantation Crop Cultivation {c |}{res}          8        0.04       77.71
{txt}Poultry Farming, Animal Husbandry and.. {c |}{res}         34        0.16       77.88
{txt}         Public Administrative Services {c |}{res}        417        1.98       79.86
{txt}             Real Estate & Construction {c |}{res}      1,353        6.44       86.30
{txt}                           Retail Trade {c |}{res}      1,452        6.91       93.21
{txt}Soaps, Detergents, Cosmetics, Toiletr.. {c |}{res}         32        0.15       93.36
{txt}                     Textile Industries {c |}{res}        321        1.53       94.89
{txt}                     Travel and Tourism {c |}{res}        794        3.78       98.66
{txt}                              Utilities {c |}{res}         99        0.47       99.13
{txt}                        Wholesale Trade {c |}{res}        182        0.87      100.00
{txt}{hline 40}{c +}{hline 35}
                                  Total {c |}{res}     21,018      100.00
Current State is Rajasthan

                 {txt}INDUSTRY_OF_OCCUPATION {c |}      Freq.     Percent        Cum.
{hline 40}{c +}{hline 35}
         Agriculture- allied activities {c |}{res}          4        0.04        0.04
{txt}Automobiles and Other Transport Equip.. {c |}{res}         20        0.18        0.22
{txt}Cement, Tiles, Bricks, Ceramics, Glas.. {c |}{res}         80        0.74        0.96
{txt}                    Chemical Industries {c |}{res}         21        0.19        1.15
{txt}          Communication, Post & Courier {c |}{res}         11        0.10        1.26
{txt}                       Crop Cultivation {c |}{res}        689        6.37        7.62
{txt}                       Defence Services {c |}{res}         17        0.16        7.78
{txt}                              Education {c |}{res}        386        3.57       11.35
{txt}               Entertainment and Sports {c |}{res}          9        0.08       11.43
{txt}                     Financial Services {c |}{res}         75        0.69       12.12
{txt}                                Fishing {c |}{res}          3        0.03       12.15
{txt}                        Food Industries {c |}{res}         99        0.91       13.06
{txt}  Footwear and other Leather Industries {c |}{res}         21        0.19       13.26
{txt}        Forestry including Wood Cutting {c |}{res}          1        0.01       13.27
{txt}           Fruits and Vegetable Farming {c |}{res}         24        0.22       13.49
{txt}                       Gems & Jewellery {c |}{res}         28        0.26       13.75
{txt}                  Handicraft Industries {c |}{res}         10        0.09       13.84
{txt}                            Health Care {c |}{res}         73        0.67       14.51
{txt}                 Hotels and Restaurants {c |}{res}         47        0.43       14.95
{txt}                              IT & ITES {c |}{res}          1        0.01       14.96
{txt}                Machinery Manufacturers {c |}{res}         29        0.27       15.23
{txt}                   Media and Publishing {c |}{res}          3        0.03       15.25
{txt}                       Metal Industries {c |}{res}         18        0.17       15.42
{txt}                                  Mines {c |}{res}         22        0.20       15.62
{txt}                         Not Applicable {c |}{res}      5,620       51.92       67.54
{txt}     Personal Non-Professional Services {c |}{res}        206        1.90       69.45
{txt}         Personal Professional Services {c |}{res}         47        0.43       69.88
{txt}            Pharmaceutical Manufacturer {c |}{res}          5        0.05       69.93
{txt}            Plantation Crop Cultivation {c |}{res}          2        0.02       69.95
{txt}Poultry Farming, Animal Husbandry and.. {c |}{res}          2        0.02       69.96
{txt}         Public Administrative Services {c |}{res}        169        1.56       71.53
{txt}             Real Estate & Construction {c |}{res}      1,556       14.38       85.90
{txt}                           Retail Trade {c |}{res}      1,113       10.28       96.18
{txt}Soaps, Detergents, Cosmetics, Toiletr.. {c |}{res}         20        0.18       96.37
{txt}                     Textile Industries {c |}{res}        113        1.04       97.41
{txt}                     Travel and Tourism {c |}{res}        186        1.72       99.13
{txt}                              Utilities {c |}{res}         30        0.28       99.41
{txt}                        Wholesale Trade {c |}{res}         64        0.59      100.00
{txt}{hline 40}{c +}{hline 35}
                                  Total {c |}{res}     10,824      100.00
Current State is Madhya Pradesh

                 {txt}INDUSTRY_OF_OCCUPATION {c |}      Freq.     Percent        Cum.
{hline 40}{c +}{hline 35}
         Agriculture- allied activities {c |}{res}          1        0.01        0.01
{txt}Automobiles and Other Transport Equip.. {c |}{res}         32        0.33        0.34
{txt}Cement, Tiles, Bricks, Ceramics, Glas.. {c |}{res}         81        0.85        1.19
{txt}                    Chemical Industries {c |}{res}         17        0.18        1.37
{txt}          Communication, Post & Courier {c |}{res}         23        0.24        1.61
{txt}                       Crop Cultivation {c |}{res}      1,222       12.75       14.36
{txt}                       Defence Services {c |}{res}         11        0.11       14.47
{txt}                              Education {c |}{res}        267        2.79       17.26
{txt}               Entertainment and Sports {c |}{res}          6        0.06       17.32
{txt}                     Financial Services {c |}{res}         69        0.72       18.04
{txt}                                Fishing {c |}{res}          1        0.01       18.05
{txt}                        Food Industries {c |}{res}        176        1.84       19.89
{txt}  Footwear and other Leather Industries {c |}{res}         13        0.14       20.03
{txt}        Forestry including Wood Cutting {c |}{res}          4        0.04       20.07
{txt}           Fruits and Vegetable Farming {c |}{res}        115        1.20       21.27
{txt}                       Gems & Jewellery {c |}{res}         21        0.22       21.49
{txt}                  Handicraft Industries {c |}{res}         23        0.24       21.73
{txt}                            Health Care {c |}{res}         44        0.46       22.19
{txt}                 Hotels and Restaurants {c |}{res}         57        0.59       22.78
{txt}                              IT & ITES {c |}{res}          8        0.08       22.86
{txt}                Machinery Manufacturers {c |}{res}         72        0.75       23.61
{txt}                   Media and Publishing {c |}{res}         11        0.11       23.73
{txt}                       Metal Industries {c |}{res}         25        0.26       23.99
{txt}                                  Mines {c |}{res}        115        1.20       25.19
{txt}                         Not Applicable {c |}{res}      4,760       49.67       74.86
{txt}     Personal Non-Professional Services {c |}{res}        430        4.49       79.35
{txt}         Personal Professional Services {c |}{res}         37        0.39       79.73
{txt}            Pharmaceutical Manufacturer {c |}{res}          5        0.05       79.79
{txt}            Plantation Crop Cultivation {c |}{res}          4        0.04       79.83
{txt}Poultry Farming, Animal Husbandry and.. {c |}{res}         16        0.17       80.00
{txt}         Public Administrative Services {c |}{res}        127        1.33       81.32
{txt}             Real Estate & Construction {c |}{res}        539        5.62       86.95
{txt}                           Retail Trade {c |}{res}        780        8.14       95.09
{txt}Soaps, Detergents, Cosmetics, Toiletr.. {c |}{res}         83        0.87       95.95
{txt}                     Textile Industries {c |}{res}        158        1.65       97.60
{txt}                     Travel and Tourism {c |}{res}        150        1.57       99.17
{txt}                              Utilities {c |}{res}         24        0.25       99.42
{txt}                        Wholesale Trade {c |}{res}         56        0.58      100.00
{txt}{hline 40}{c +}{hline 35}
                                  Total {c |}{res}      9,583      100.00
Current State is Haryana

                 {txt}INDUSTRY_OF_OCCUPATION {c |}      Freq.     Percent        Cum.
{hline 40}{c +}{hline 35}
         Agriculture- allied activities {c |}{res}          5        0.09        0.09
{txt}Automobiles and Other Transport Equip.. {c |}{res}         34        0.63        0.72
{txt}Cement, Tiles, Bricks, Ceramics, Glas.. {c |}{res}         29        0.54        1.26
{txt}                    Chemical Industries {c |}{res}         27        0.50        1.76
{txt}          Communication, Post & Courier {c |}{res}         24        0.44        2.20
{txt}                       Crop Cultivation {c |}{res}        376        6.96        9.16
{txt}                       Defence Services {c |}{res}         22        0.41        9.56
{txt}                              Education {c |}{res}        137        2.53       12.10
{txt}                     Financial Services {c |}{res}         80        1.48       13.58
{txt}                        Food Industries {c |}{res}         42        0.78       14.35
{txt}  Footwear and other Leather Industries {c |}{res}         31        0.57       14.93
{txt}           Fruits and Vegetable Farming {c |}{res}         12        0.22       15.15
{txt}                       Gems & Jewellery {c |}{res}          4        0.07       15.22
{txt}                            Health Care {c |}{res}         37        0.68       15.91
{txt}                 Hotels and Restaurants {c |}{res}         29        0.54       16.44
{txt}                              IT & ITES {c |}{res}         41        0.76       17.20
{txt}                Machinery Manufacturers {c |}{res}         43        0.80       18.00
{txt}                   Media and Publishing {c |}{res}          4        0.07       18.07
{txt}                       Metal Industries {c |}{res}         53        0.98       19.05
{txt}                                  Mines {c |}{res}          7        0.13       19.18
{txt}                         Not Applicable {c |}{res}      2,816       52.09       71.27
{txt}     Personal Non-Professional Services {c |}{res}         79        1.46       72.73
{txt}         Personal Professional Services {c |}{res}         29        0.54       73.27
{txt}            Pharmaceutical Manufacturer {c |}{res}          9        0.17       73.44
{txt}Poultry Farming, Animal Husbandry and.. {c |}{res}         10        0.18       73.62
{txt}         Public Administrative Services {c |}{res}        144        2.66       76.29
{txt}             Real Estate & Construction {c |}{res}        403        7.45       83.74
{txt}                           Retail Trade {c |}{res}        569       10.53       94.27
{txt}Soaps, Detergents, Cosmetics, Toiletr.. {c |}{res}          5        0.09       94.36
{txt}                     Textile Industries {c |}{res}        103        1.91       96.26
{txt}                     Travel and Tourism {c |}{res}        105        1.94       98.21
{txt}                              Utilities {c |}{res}         16        0.30       98.50
{txt}                        Wholesale Trade {c |}{res}         81        1.50      100.00
{txt}{hline 40}{c +}{hline 35}
                                  Total {c |}{res}      5,406      100.00
Current State is Gujarat

                 {txt}INDUSTRY_OF_OCCUPATION {c |}      Freq.     Percent        Cum.
{hline 40}{c +}{hline 35}
         Agriculture- allied activities {c |}{res}          1        0.01        0.01
{txt}Automobiles and Other Transport Equip.. {c |}{res}         40        0.38        0.39
{txt}Cement, Tiles, Bricks, Ceramics, Glas.. {c |}{res}         55        0.52        0.91
{txt}                    Chemical Industries {c |}{res}        125        1.19        2.10
{txt}          Communication, Post & Courier {c |}{res}         38        0.36        2.46
{txt}                       Crop Cultivation {c |}{res}      1,149       10.92       13.39
{txt}                       Defence Services {c |}{res}          5        0.05       13.43
{txt}                              Education {c |}{res}         91        0.87       14.30
{txt}               Entertainment and Sports {c |}{res}          8        0.08       14.38
{txt}                     Financial Services {c |}{res}         64        0.61       14.98
{txt}                                Fishing {c |}{res}          7        0.07       15.05
{txt}                        Food Industries {c |}{res}         69        0.66       15.71
{txt}  Footwear and other Leather Industries {c |}{res}          8        0.08       15.78
{txt}        Forestry including Wood Cutting {c |}{res}          1        0.01       15.79
{txt}           Fruits and Vegetable Farming {c |}{res}         68        0.65       16.44
{txt}                       Gems & Jewellery {c |}{res}        130        1.24       17.67
{txt}                  Handicraft Industries {c |}{res}         10        0.10       17.77
{txt}                            Health Care {c |}{res}         68        0.65       18.42
{txt}                 Hotels and Restaurants {c |}{res}         56        0.53       18.95
{txt}                              IT & ITES {c |}{res}          6        0.06       19.01
{txt}                Machinery Manufacturers {c |}{res}         91        0.87       19.87
{txt}                   Media and Publishing {c |}{res}          8        0.08       19.95
{txt}                       Metal Industries {c |}{res}        237        2.25       22.20
{txt}                                  Mines {c |}{res}         12        0.11       22.31
{txt}                         Not Applicable {c |}{res}      4,995       47.49       69.80
{txt}     Personal Non-Professional Services {c |}{res}        998        9.49       79.29
{txt}         Personal Professional Services {c |}{res}         52        0.49       79.79
{txt}            Pharmaceutical Manufacturer {c |}{res}         38        0.36       80.15
{txt}            Plantation Crop Cultivation {c |}{res}         13        0.12       80.27
{txt}Poultry Farming, Animal Husbandry and.. {c |}{res}        182        1.73       82.00
{txt}         Public Administrative Services {c |}{res}        134        1.27       83.28
{txt}             Real Estate & Construction {c |}{res}        282        2.68       85.96
{txt}                           Retail Trade {c |}{res}        686        6.52       92.48
{txt}Soaps, Detergents, Cosmetics, Toiletr.. {c |}{res}          8        0.08       92.56
{txt}                     Textile Industries {c |}{res}        303        2.88       95.44
{txt}                     Travel and Tourism {c |}{res}        397        3.77       99.21
{txt}                              Utilities {c |}{res}         44        0.42       99.63
{txt}                        Wholesale Trade {c |}{res}         39        0.37      100.00
{txt}{hline 40}{c +}{hline 35}
                                  Total {c |}{res}     10,518      100.00
Current State is Assam

                 {txt}INDUSTRY_OF_OCCUPATION {c |}      Freq.     Percent        Cum.
{hline 40}{c +}{hline 35}
         Agriculture- allied activities {c |}{res}          2        0.15        0.15
{txt}Automobiles and Other Transport Equip.. {c |}{res}          6        0.44        0.59
{txt}Cement, Tiles, Bricks, Ceramics, Glas.. {c |}{res}          3        0.22        0.81
{txt}          Communication, Post & Courier {c |}{res}          7        0.52        1.33
{txt}                       Crop Cultivation {c |}{res}         53        3.93        5.26
{txt}                       Defence Services {c |}{res}          4        0.30        5.56
{txt}                              Education {c |}{res}         42        3.11        8.67
{txt}               Entertainment and Sports {c |}{res}          2        0.15        8.81
{txt}                     Financial Services {c |}{res}         20        1.48       10.30
{txt}                        Food Industries {c |}{res}         24        1.78       12.07
{txt}  Footwear and other Leather Industries {c |}{res}          1        0.07       12.15
{txt}                       Gems & Jewellery {c |}{res}          1        0.07       12.22
{txt}                            Health Care {c |}{res}         17        1.26       13.48
{txt}                 Hotels and Restaurants {c |}{res}          9        0.67       14.15
{txt}                              IT & ITES {c |}{res}          2        0.15       14.30
{txt}                Machinery Manufacturers {c |}{res}          4        0.30       14.59
{txt}                   Media and Publishing {c |}{res}         10        0.74       15.33
{txt}                       Metal Industries {c |}{res}          1        0.07       15.41
{txt}                                  Mines {c |}{res}          4        0.30       15.70
{txt}                         Not Applicable {c |}{res}        630       46.67       62.37
{txt}     Personal Non-Professional Services {c |}{res}         67        4.96       67.33
{txt}         Personal Professional Services {c |}{res}         16        1.19       68.52
{txt}            Pharmaceutical Manufacturer {c |}{res}          4        0.30       68.81
{txt}            Plantation Crop Cultivation {c |}{res}          2        0.15       68.96
{txt}Poultry Farming, Animal Husbandry and.. {c |}{res}          1        0.07       69.04
{txt}         Public Administrative Services {c |}{res}         33        2.44       71.48
{txt}             Real Estate & Construction {c |}{res}        111        8.22       79.70
{txt}                           Retail Trade {c |}{res}        179       13.26       92.96
{txt}Soaps, Detergents, Cosmetics, Toiletr.. {c |}{res}          2        0.15       93.11
{txt}                     Textile Industries {c |}{res}          7        0.52       93.63
{txt}                     Travel and Tourism {c |}{res}         57        4.22       97.85
{txt}                              Utilities {c |}{res}          9        0.67       98.52
{txt}                        Wholesale Trade {c |}{res}         20        1.48      100.00
{txt}{hline 40}{c +}{hline 35}
                                  Total {c |}{res}      1,350      100.00
{txt}
{com}. 
{txt}end of do-file

{com}. do "/tmp/SD26097.000000"
{txt}
{com}. codebook reformed

{txt}{hline}
{res}reformed{right:(unlabeled)}
{txt}{hline}

{col 19}type:  numeric ({res}float{txt})

{col 18}range:  [{res}0{txt},{res}1{txt}]{col 55}units:  {res}1
{col 10}{txt}unique values:  {res}2{col 51}{txt}missing .:  {res}0{txt}/{res}178,154

{txt}{col 13}tabulation:  Freq.  Value
{col 21}{res}   153,376{col 33}0
{col 21}    24,778{col 33}1
{txt}
{com}. tab reformed

   {txt}reformed {c |}      Freq.     Percent        Cum.
{hline 12}{c +}{hline 35}
          0 {c |}{res}    153,376       86.09       86.09
{txt}          1 {c |}{res}     24,778       13.91      100.00
{txt}{hline 12}{c +}{hline 35}
      Total {c |}{res}    178,154      100.00
{txt}
{com}. tab state reformed  // basically we want both before and after treatment status for a state

                 {txt}{c |}       reformed
           STATE {c |}         0          1 {c |}     Total
{hline 17}{c +}{hline 22}{c +}{hline 10}
           Assam {c |}{res}       975        497 {txt}{c |}{res}     1,472 
{txt}           Bihar {c |}{res}    10,543          0 {txt}{c |}{res}    10,543 
{txt}      Chandigarh {c |}{res}       452          0 {txt}{c |}{res}       452 
{txt}    Chhattisgarh {c |}{res}     5,449          0 {txt}{c |}{res}     5,449 
{txt}           Delhi {c |}{res}     1,821          0 {txt}{c |}{res}     1,821 
{txt}             Goa {c |}{res}     1,259          0 {txt}{c |}{res}     1,259 
{txt}         Gujarat {c |}{res}    11,218          0 {txt}{c |}{res}    11,218 
{txt}         Haryana {c |}{res}     2,352      3,531 {txt}{c |}{res}     5,883 
{txt}Himachal Pradesh {c |}{res}     1,372          0 {txt}{c |}{res}     1,372 
{txt} Jammu & Kashmir {c |}{res}     2,769          0 {txt}{c |}{res}     2,769 
{txt}       Karnataka {c |}{res}    10,583          0 {txt}{c |}{res}    10,583 
{txt}          Kerala {c |}{res}     4,368          0 {txt}{c |}{res}     4,368 
{txt}  Madhya Pradesh {c |}{res}     6,976      3,461 {txt}{c |}{res}    10,437 
{txt}     Maharashtra {c |}{res}    15,282      7,253 {txt}{c |}{res}    22,535 
{txt}       Meghalaya {c |}{res}       523          0 {txt}{c |}{res}       523 
{txt}          Odisha {c |}{res}     6,790          0 {txt}{c |}{res}     6,790 
{txt}      Puducherry {c |}{res}     1,243          0 {txt}{c |}{res}     1,243 
{txt}          Punjab {c |}{res}     7,092          0 {txt}{c |}{res}     7,092 
{txt}       Rajasthan {c |}{res}     1,787     10,036 {txt}{c |}{res}    11,823 
{txt}          Sikkim {c |}{res}       125          0 {txt}{c |}{res}       125 
{txt}      Tamil Nadu {c |}{res}    10,760          0 {txt}{c |}{res}    10,760 
{txt}       Telangana {c |}{res}     5,413          0 {txt}{c |}{res}     5,413 
{txt}         Tripura {c |}{res}       563          0 {txt}{c |}{res}       563 
{txt}   Uttar Pradesh {c |}{res}    28,693          0 {txt}{c |}{res}    28,693 
{txt}     Uttarakhand {c |}{res}     1,925          0 {txt}{c |}{res}     1,925 
{txt}     West Bengal {c |}{res}    13,043          0 {txt}{c |}{res}    13,043 
{txt}{hline 17}{c +}{hline 22}{c +}{hline 10}
           Total {c |}{res}   153,376     24,778 {txt}{c |}{res}   178,154 
{txt}
{com}. tab state reformed 

                 {txt}{c |}       reformed
           STATE {c |}         0          1 {c |}     Total
{hline 17}{c +}{hline 22}{c +}{hline 10}
           Assam {c |}{res}       975        497 {txt}{c |}{res}     1,472 
{txt}           Bihar {c |}{res}    10,543          0 {txt}{c |}{res}    10,543 
{txt}      Chandigarh {c |}{res}       452          0 {txt}{c |}{res}       452 
{txt}    Chhattisgarh {c |}{res}     5,449          0 {txt}{c |}{res}     5,449 
{txt}           Delhi {c |}{res}     1,821          0 {txt}{c |}{res}     1,821 
{txt}             Goa {c |}{res}     1,259          0 {txt}{c |}{res}     1,259 
{txt}         Gujarat {c |}{res}    11,218          0 {txt}{c |}{res}    11,218 
{txt}         Haryana {c |}{res}     2,352      3,531 {txt}{c |}{res}     5,883 
{txt}Himachal Pradesh {c |}{res}     1,372          0 {txt}{c |}{res}     1,372 
{txt} Jammu & Kashmir {c |}{res}     2,769          0 {txt}{c |}{res}     2,769 
{txt}       Karnataka {c |}{res}    10,583          0 {txt}{c |}{res}    10,583 
{txt}          Kerala {c |}{res}     4,368          0 {txt}{c |}{res}     4,368 
{txt}  Madhya Pradesh {c |}{res}     6,976      3,461 {txt}{c |}{res}    10,437 
{txt}     Maharashtra {c |}{res}    15,282      7,253 {txt}{c |}{res}    22,535 
{txt}       Meghalaya {c |}{res}       523          0 {txt}{c |}{res}       523 
{txt}          Odisha {c |}{res}     6,790          0 {txt}{c |}{res}     6,790 
{txt}      Puducherry {c |}{res}     1,243          0 {txt}{c |}{res}     1,243 
{txt}          Punjab {c |}{res}     7,092          0 {txt}{c |}{res}     7,092 
{txt}       Rajasthan {c |}{res}     1,787     10,036 {txt}{c |}{res}    11,823 
{txt}          Sikkim {c |}{res}       125          0 {txt}{c |}{res}       125 
{txt}      Tamil Nadu {c |}{res}    10,760          0 {txt}{c |}{res}    10,760 
{txt}       Telangana {c |}{res}     5,413          0 {txt}{c |}{res}     5,413 
{txt}         Tripura {c |}{res}       563          0 {txt}{c |}{res}       563 
{txt}   Uttar Pradesh {c |}{res}    28,693          0 {txt}{c |}{res}    28,693 
{txt}     Uttarakhand {c |}{res}     1,925          0 {txt}{c |}{res}     1,925 
{txt}     West Bengal {c |}{res}    13,043          0 {txt}{c |}{res}    13,043 
{txt}{hline 17}{c +}{hline 22}{c +}{hline 10}
           Total {c |}{res}   153,376     24,778 {txt}{c |}{res}   178,154 
{txt}
{com}. local list_states_treated Maharashtra Rajasthan "Madhya Pradesh" Haryana Gujarat Assam
{txt}
{com}. foreach var in `list_states_treated'{c -(}
{txt}  2{com}.         disp("*************************")
{txt}  3{com}.         disp("Current State is `var'")
{txt}  4{com}.         disp("*************************")
{txt}  5{com}. tab inds if state =="`var'"
{txt}  6{com}. {c )-}
*************************
Current State is Maharashtra
*************************

                 {txt}INDUSTRY_OF_OCCUPATION {c |}      Freq.     Percent        Cum.
{hline 40}{c +}{hline 35}
         Agriculture- allied activities {c |}{res}         18        0.09        0.09
{txt}Automobiles and Other Transport Equip.. {c |}{res}        172        0.82        0.90
{txt}Cement, Tiles, Bricks, Ceramics, Glas.. {c |}{res}         74        0.35        1.26
{txt}                    Chemical Industries {c |}{res}        180        0.86        2.11
{txt}          Communication, Post & Courier {c |}{res}         53        0.25        2.36
{txt}                       Crop Cultivation {c |}{res}      2,785       13.25       15.62
{txt}                       Defence Services {c |}{res}         20        0.10       15.71
{txt}                              Education {c |}{res}        410        1.95       17.66
{txt}               Entertainment and Sports {c |}{res}         16        0.08       17.74
{txt}                     Financial Services {c |}{res}        548        2.61       20.34
{txt}                                Fishing {c |}{res}         30        0.14       20.49
{txt}                        Food Industries {c |}{res}        161        0.77       21.25
{txt}  Footwear and other Leather Industries {c |}{res}         42        0.20       21.45
{txt}        Forestry including Wood Cutting {c |}{res}          3        0.01       21.47
{txt}           Fruits and Vegetable Farming {c |}{res}        344        1.64       23.10
{txt}                       Gems & Jewellery {c |}{res}         46        0.22       23.32
{txt}                  Handicraft Industries {c |}{res}          6        0.03       23.35
{txt}                            Health Care {c |}{res}        157        0.75       24.10
{txt}                 Hotels and Restaurants {c |}{res}        190        0.90       25.00
{txt}                              IT & ITES {c |}{res}        114        0.54       25.54
{txt}                Machinery Manufacturers {c |}{res}        283        1.35       26.89
{txt}                   Media and Publishing {c |}{res}         55        0.26       27.15
{txt}                       Metal Industries {c |}{res}        255        1.21       28.37
{txt}                                  Mines {c |}{res}         31        0.15       28.51
{txt}                         Not Applicable {c |}{res}      9,427       44.85       73.37
{txt}     Personal Non-Professional Services {c |}{res}        730        3.47       76.84
{txt}         Personal Professional Services {c |}{res}        103        0.49       77.33
{txt}            Pharmaceutical Manufacturer {c |}{res}         73        0.35       77.68
{txt}            Plantation Crop Cultivation {c |}{res}          8        0.04       77.71
{txt}Poultry Farming, Animal Husbandry and.. {c |}{res}         34        0.16       77.88
{txt}         Public Administrative Services {c |}{res}        417        1.98       79.86
{txt}             Real Estate & Construction {c |}{res}      1,353        6.44       86.30
{txt}                           Retail Trade {c |}{res}      1,452        6.91       93.21
{txt}Soaps, Detergents, Cosmetics, Toiletr.. {c |}{res}         32        0.15       93.36
{txt}                     Textile Industries {c |}{res}        321        1.53       94.89
{txt}                     Travel and Tourism {c |}{res}        794        3.78       98.66
{txt}                              Utilities {c |}{res}         99        0.47       99.13
{txt}                        Wholesale Trade {c |}{res}        182        0.87      100.00
{txt}{hline 40}{c +}{hline 35}
                                  Total {c |}{res}     21,018      100.00
*************************
Current State is Rajasthan
*************************

                 {txt}INDUSTRY_OF_OCCUPATION {c |}      Freq.     Percent        Cum.
{hline 40}{c +}{hline 35}
         Agriculture- allied activities {c |}{res}          4        0.04        0.04
{txt}Automobiles and Other Transport Equip.. {c |}{res}         20        0.18        0.22
{txt}Cement, Tiles, Bricks, Ceramics, Glas.. {c |}{res}         80        0.74        0.96
{txt}                    Chemical Industries {c |}{res}         21        0.19        1.15
{txt}          Communication, Post & Courier {c |}{res}         11        0.10        1.26
{txt}                       Crop Cultivation {c |}{res}        689        6.37        7.62
{txt}                       Defence Services {c |}{res}         17        0.16        7.78
{txt}                              Education {c |}{res}        386        3.57       11.35
{txt}               Entertainment and Sports {c |}{res}          9        0.08       11.43
{txt}                     Financial Services {c |}{res}         75        0.69       12.12
{txt}                                Fishing {c |}{res}          3        0.03       12.15
{txt}                        Food Industries {c |}{res}         99        0.91       13.06
{txt}  Footwear and other Leather Industries {c |}{res}         21        0.19       13.26
{txt}        Forestry including Wood Cutting {c |}{res}          1        0.01       13.27
{txt}           Fruits and Vegetable Farming {c |}{res}         24        0.22       13.49
{txt}                       Gems & Jewellery {c |}{res}         28        0.26       13.75
{txt}                  Handicraft Industries {c |}{res}         10        0.09       13.84
{txt}                            Health Care {c |}{res}         73        0.67       14.51
{txt}                 Hotels and Restaurants {c |}{res}         47        0.43       14.95
{txt}                              IT & ITES {c |}{res}          1        0.01       14.96
{txt}                Machinery Manufacturers {c |}{res}         29        0.27       15.23
{txt}                   Media and Publishing {c |}{res}          3        0.03       15.25
{txt}                       Metal Industries {c |}{res}         18        0.17       15.42
{txt}                                  Mines {c |}{res}         22        0.20       15.62
{txt}                         Not Applicable {c |}{res}      5,620       51.92       67.54
{txt}     Personal Non-Professional Services {c |}{res}        206        1.90       69.45
{txt}         Personal Professional Services {c |}{res}         47        0.43       69.88
{txt}            Pharmaceutical Manufacturer {c |}{res}          5        0.05       69.93
{txt}            Plantation Crop Cultivation {c |}{res}          2        0.02       69.95
{txt}Poultry Farming, Animal Husbandry and.. {c |}{res}          2        0.02       69.96
{txt}         Public Administrative Services {c |}{res}        169        1.56       71.53
{txt}             Real Estate & Construction {c |}{res}      1,556       14.38       85.90
{txt}                           Retail Trade {c |}{res}      1,113       10.28       96.18
{txt}Soaps, Detergents, Cosmetics, Toiletr.. {c |}{res}         20        0.18       96.37
{txt}                     Textile Industries {c |}{res}        113        1.04       97.41
{txt}                     Travel and Tourism {c |}{res}        186        1.72       99.13
{txt}                              Utilities {c |}{res}         30        0.28       99.41
{txt}                        Wholesale Trade {c |}{res}         64        0.59      100.00
{txt}{hline 40}{c +}{hline 35}
                                  Total {c |}{res}     10,824      100.00
*************************
Current State is Madhya Pradesh
*************************

                 {txt}INDUSTRY_OF_OCCUPATION {c |}      Freq.     Percent        Cum.
{hline 40}{c +}{hline 35}
         Agriculture- allied activities {c |}{res}          1        0.01        0.01
{txt}Automobiles and Other Transport Equip.. {c |}{res}         32        0.33        0.34
{txt}Cement, Tiles, Bricks, Ceramics, Glas.. {c |}{res}         81        0.85        1.19
{txt}                    Chemical Industries {c |}{res}         17        0.18        1.37
{txt}          Communication, Post & Courier {c |}{res}         23        0.24        1.61
{txt}                       Crop Cultivation {c |}{res}      1,222       12.75       14.36
{txt}                       Defence Services {c |}{res}         11        0.11       14.47
{txt}                              Education {c |}{res}        267        2.79       17.26
{txt}               Entertainment and Sports {c |}{res}          6        0.06       17.32
{txt}                     Financial Services {c |}{res}         69        0.72       18.04
{txt}                                Fishing {c |}{res}          1        0.01       18.05
{txt}                        Food Industries {c |}{res}        176        1.84       19.89
{txt}  Footwear and other Leather Industries {c |}{res}         13        0.14       20.03
{txt}        Forestry including Wood Cutting {c |}{res}          4        0.04       20.07
{txt}           Fruits and Vegetable Farming {c |}{res}        115        1.20       21.27
{txt}                       Gems & Jewellery {c |}{res}         21        0.22       21.49
{txt}                  Handicraft Industries {c |}{res}         23        0.24       21.73
{txt}                            Health Care {c |}{res}         44        0.46       22.19
{txt}                 Hotels and Restaurants {c |}{res}         57        0.59       22.78
{txt}                              IT & ITES {c |}{res}          8        0.08       22.86
{txt}                Machinery Manufacturers {c |}{res}         72        0.75       23.61
{txt}                   Media and Publishing {c |}{res}         11        0.11       23.73
{txt}                       Metal Industries {c |}{res}         25        0.26       23.99
{txt}                                  Mines {c |}{res}        115        1.20       25.19
{txt}                         Not Applicable {c |}{res}      4,760       49.67       74.86
{txt}     Personal Non-Professional Services {c |}{res}        430        4.49       79.35
{txt}         Personal Professional Services {c |}{res}         37        0.39       79.73
{txt}            Pharmaceutical Manufacturer {c |}{res}          5        0.05       79.79
{txt}            Plantation Crop Cultivation {c |}{res}          4        0.04       79.83
{txt}Poultry Farming, Animal Husbandry and.. {c |}{res}         16        0.17       80.00
{txt}         Public Administrative Services {c |}{res}        127        1.33       81.32
{txt}             Real Estate & Construction {c |}{res}        539        5.62       86.95
{txt}                           Retail Trade {c |}{res}        780        8.14       95.09
{txt}Soaps, Detergents, Cosmetics, Toiletr.. {c |}{res}         83        0.87       95.95
{txt}                     Textile Industries {c |}{res}        158        1.65       97.60
{txt}                     Travel and Tourism {c |}{res}        150        1.57       99.17
{txt}                              Utilities {c |}{res}         24        0.25       99.42
{txt}                        Wholesale Trade {c |}{res}         56        0.58      100.00
{txt}{hline 40}{c +}{hline 35}
                                  Total {c |}{res}      9,583      100.00
*************************
Current State is Haryana
*************************

                 {txt}INDUSTRY_OF_OCCUPATION {c |}      Freq.     Percent        Cum.
{hline 40}{c +}{hline 35}
         Agriculture- allied activities {c |}{res}          5        0.09        0.09
{txt}Automobiles and Other Transport Equip.. {c |}{res}         34        0.63        0.72
{txt}Cement, Tiles, Bricks, Ceramics, Glas.. {c |}{res}         29        0.54        1.26
{txt}                    Chemical Industries {c |}{res}         27        0.50        1.76
{txt}          Communication, Post & Courier {c |}{res}         24        0.44        2.20
{txt}                       Crop Cultivation {c |}{res}        376        6.96        9.16
{txt}                       Defence Services {c |}{res}         22        0.41        9.56
{txt}                              Education {c |}{res}        137        2.53       12.10
{txt}                     Financial Services {c |}{res}         80        1.48       13.58
{txt}                        Food Industries {c |}{res}         42        0.78       14.35
{txt}  Footwear and other Leather Industries {c |}{res}         31        0.57       14.93
{txt}           Fruits and Vegetable Farming {c |}{res}         12        0.22       15.15
{txt}                       Gems & Jewellery {c |}{res}          4        0.07       15.22
{txt}                            Health Care {c |}{res}         37        0.68       15.91
{txt}                 Hotels and Restaurants {c |}{res}         29        0.54       16.44
{txt}                              IT & ITES {c |}{res}         41        0.76       17.20
{txt}                Machinery Manufacturers {c |}{res}         43        0.80       18.00
{txt}                   Media and Publishing {c |}{res}          4        0.07       18.07
{txt}                       Metal Industries {c |}{res}         53        0.98       19.05
{txt}                                  Mines {c |}{res}          7        0.13       19.18
{txt}                         Not Applicable {c |}{res}      2,816       52.09       71.27
{txt}     Personal Non-Professional Services {c |}{res}         79        1.46       72.73
{txt}         Personal Professional Services {c |}{res}         29        0.54       73.27
{txt}            Pharmaceutical Manufacturer {c |}{res}          9        0.17       73.44
{txt}Poultry Farming, Animal Husbandry and.. {c |}{res}         10        0.18       73.62
{txt}         Public Administrative Services {c |}{res}        144        2.66       76.29
{txt}             Real Estate & Construction {c |}{res}        403        7.45       83.74
{txt}                           Retail Trade {c |}{res}        569       10.53       94.27
{txt}Soaps, Detergents, Cosmetics, Toiletr.. {c |}{res}          5        0.09       94.36
{txt}                     Textile Industries {c |}{res}        103        1.91       96.26
{txt}                     Travel and Tourism {c |}{res}        105        1.94       98.21
{txt}                              Utilities {c |}{res}         16        0.30       98.50
{txt}                        Wholesale Trade {c |}{res}         81        1.50      100.00
{txt}{hline 40}{c +}{hline 35}
                                  Total {c |}{res}      5,406      100.00
*************************
Current State is Gujarat
*************************

                 {txt}INDUSTRY_OF_OCCUPATION {c |}      Freq.     Percent        Cum.
{hline 40}{c +}{hline 35}
         Agriculture- allied activities {c |}{res}          1        0.01        0.01
{txt}Automobiles and Other Transport Equip.. {c |}{res}         40        0.38        0.39
{txt}Cement, Tiles, Bricks, Ceramics, Glas.. {c |}{res}         55        0.52        0.91
{txt}                    Chemical Industries {c |}{res}        125        1.19        2.10
{txt}          Communication, Post & Courier {c |}{res}         38        0.36        2.46
{txt}                       Crop Cultivation {c |}{res}      1,149       10.92       13.39
{txt}                       Defence Services {c |}{res}          5        0.05       13.43
{txt}                              Education {c |}{res}         91        0.87       14.30
{txt}               Entertainment and Sports {c |}{res}          8        0.08       14.38
{txt}                     Financial Services {c |}{res}         64        0.61       14.98
{txt}                                Fishing {c |}{res}          7        0.07       15.05
{txt}                        Food Industries {c |}{res}         69        0.66       15.71
{txt}  Footwear and other Leather Industries {c |}{res}          8        0.08       15.78
{txt}        Forestry including Wood Cutting {c |}{res}          1        0.01       15.79
{txt}           Fruits and Vegetable Farming {c |}{res}         68        0.65       16.44
{txt}                       Gems & Jewellery {c |}{res}        130        1.24       17.67
{txt}                  Handicraft Industries {c |}{res}         10        0.10       17.77
{txt}                            Health Care {c |}{res}         68        0.65       18.42
{txt}                 Hotels and Restaurants {c |}{res}         56        0.53       18.95
{txt}                              IT & ITES {c |}{res}          6        0.06       19.01
{txt}                Machinery Manufacturers {c |}{res}         91        0.87       19.87
{txt}                   Media and Publishing {c |}{res}          8        0.08       19.95
{txt}                       Metal Industries {c |}{res}        237        2.25       22.20
{txt}                                  Mines {c |}{res}         12        0.11       22.31
{txt}                         Not Applicable {c |}{res}      4,995       47.49       69.80
{txt}     Personal Non-Professional Services {c |}{res}        998        9.49       79.29
{txt}         Personal Professional Services {c |}{res}         52        0.49       79.79
{txt}            Pharmaceutical Manufacturer {c |}{res}         38        0.36       80.15
{txt}            Plantation Crop Cultivation {c |}{res}         13        0.12       80.27
{txt}Poultry Farming, Animal Husbandry and.. {c |}{res}        182        1.73       82.00
{txt}         Public Administrative Services {c |}{res}        134        1.27       83.28
{txt}             Real Estate & Construction {c |}{res}        282        2.68       85.96
{txt}                           Retail Trade {c |}{res}        686        6.52       92.48
{txt}Soaps, Detergents, Cosmetics, Toiletr.. {c |}{res}          8        0.08       92.56
{txt}                     Textile Industries {c |}{res}        303        2.88       95.44
{txt}                     Travel and Tourism {c |}{res}        397        3.77       99.21
{txt}                              Utilities {c |}{res}         44        0.42       99.63
{txt}                        Wholesale Trade {c |}{res}         39        0.37      100.00
{txt}{hline 40}{c +}{hline 35}
                                  Total {c |}{res}     10,518      100.00
*************************
Current State is Assam
*************************

                 {txt}INDUSTRY_OF_OCCUPATION {c |}      Freq.     Percent        Cum.
{hline 40}{c +}{hline 35}
         Agriculture- allied activities {c |}{res}          2        0.15        0.15
{txt}Automobiles and Other Transport Equip.. {c |}{res}          6        0.44        0.59
{txt}Cement, Tiles, Bricks, Ceramics, Glas.. {c |}{res}          3        0.22        0.81
{txt}          Communication, Post & Courier {c |}{res}          7        0.52        1.33
{txt}                       Crop Cultivation {c |}{res}         53        3.93        5.26
{txt}                       Defence Services {c |}{res}          4        0.30        5.56
{txt}                              Education {c |}{res}         42        3.11        8.67
{txt}               Entertainment and Sports {c |}{res}          2        0.15        8.81
{txt}                     Financial Services {c |}{res}         20        1.48       10.30
{txt}                        Food Industries {c |}{res}         24        1.78       12.07
{txt}  Footwear and other Leather Industries {c |}{res}          1        0.07       12.15
{txt}                       Gems & Jewellery {c |}{res}          1        0.07       12.22
{txt}                            Health Care {c |}{res}         17        1.26       13.48
{txt}                 Hotels and Restaurants {c |}{res}          9        0.67       14.15
{txt}                              IT & ITES {c |}{res}          2        0.15       14.30
{txt}                Machinery Manufacturers {c |}{res}          4        0.30       14.59
{txt}                   Media and Publishing {c |}{res}         10        0.74       15.33
{txt}                       Metal Industries {c |}{res}          1        0.07       15.41
{txt}                                  Mines {c |}{res}          4        0.30       15.70
{txt}                         Not Applicable {c |}{res}        630       46.67       62.37
{txt}     Personal Non-Professional Services {c |}{res}         67        4.96       67.33
{txt}         Personal Professional Services {c |}{res}         16        1.19       68.52
{txt}            Pharmaceutical Manufacturer {c |}{res}          4        0.30       68.81
{txt}            Plantation Crop Cultivation {c |}{res}          2        0.15       68.96
{txt}Poultry Farming, Animal Husbandry and.. {c |}{res}          1        0.07       69.04
{txt}         Public Administrative Services {c |}{res}         33        2.44       71.48
{txt}             Real Estate & Construction {c |}{res}        111        8.22       79.70
{txt}                           Retail Trade {c |}{res}        179       13.26       92.96
{txt}Soaps, Detergents, Cosmetics, Toiletr.. {c |}{res}          2        0.15       93.11
{txt}                     Textile Industries {c |}{res}          7        0.52       93.63
{txt}                     Travel and Tourism {c |}{res}         57        4.22       97.85
{txt}                              Utilities {c |}{res}          9        0.67       98.52
{txt}                        Wholesale Trade {c |}{res}         20        1.48      100.00
{txt}{hline 40}{c +}{hline 35}
                                  Total {c |}{res}      1,350      100.00
{txt}
{com}. 
{txt}end of do-file

{com}. codebook inc_all_source

{txt}{hline}
{res}inc_all_source{right:INCOME_OF_MEMBER_FROM_ALL_SOURCES}
{txt}{hline}

{col 19}type:  numeric ({res}long{txt})

{col 18}range:  [{res}0{txt},{res}350000{txt}]{col 55}units:  {res}1
{col 10}{txt}unique values:  {res}1,331{col 51}{txt}missing .:  {res}0{txt}/{res}178,154

{txt}{col 19}mean:{res}{col 26} 5371.44
{txt}{col 15}std. dev:{res}{col 26} 9514.81

{txt}{col 12}percentiles:{col 32}10%{col 42}25%{col 52}50%{col 62}75%{col 72}90%
{res}{col 27}       0{col 37}       0{col 47}       0{col 57}    8000{col 67}   15000

{com}. 